// Jest Snapshot v1, https://jestjs.io/docs/snapshot-testing

exports[`apple theme snapshots dark mode 1`] = `
{
  "--qwen-bg": "rgba(28, 28, 30, 0.7)",
  "--qwen-border": "rgba(255, 255, 255, 0.2)",
  "--qwen-error": "#ff3b30",
  "--qwen-input-bg": "rgba(255, 255, 255, 0.1)",
  "--qwen-input-focus": "#0a84ff",
  "--qwen-primary-bg": "#0a84ff",
  "--qwen-primary-hover": "#0060df",
  "--qwen-secondary-bg": "rgba(118, 118, 128, 0.2)",
  "--qwen-secondary-hover": "rgba(118, 118, 128, 0.3)",
  "--qwen-text": "#f5f5f7",
}
`;

exports[`apple theme snapshots light mode 1`] = `
{
  "--qwen-bg": "rgba(255, 255, 255, 0.75)",
  "--qwen-border": "rgba(0, 0, 0, 0.1)",
  "--qwen-error": "#ff3b30",
  "--qwen-input-bg": "rgba(255, 255, 255, 0.9)",
  "--qwen-input-focus": "#0a84ff",
  "--qwen-primary-bg": "#0a84ff",
  "--qwen-primary-hover": "#0060df",
  "--qwen-secondary-bg": "rgba(118, 118, 128, 0.12)",
  "--qwen-secondary-hover": "rgba(118, 118, 128, 0.2)",
  "--qwen-text": "#1c1c1e",
}
`;
